yarn install v1.22.22
info No lockfile found.
[1/4] Resolving packages...
warning mocha > glob@7.2.0: Glob versions prior to v9 are no longer supported
warning mocha > glob > inflight@1.0.6: This module is not supported, and leaks memory. Do not use it. Check out lru-cache if you want a good and tested way to coalesce async requests by a key value, which is much more comprehensive and powerful.
[2/4] Fetching packages...
[3/4] Linking dependencies...
[4/4] Building fresh packages...
success Saved lockfile.
Done in 9.07s.
Failed to install node modules
Initialized empty Git repository in /workspaces/temp-stuff/test-program/.git/
test-program initialized